DROP FUNCTION
DROP FUNCTION
DROP FUNCTION
DROP FUNCTION
DROP FUNCTION
DROP TABLE
psql:cleanup.sql:12: NOTICE:  drop cascades to table madlib_kmeans_test.kmeans_out_centroids_test123
psql:cleanup.sql:12: NOTICE:  drop cascades to table madlib_kmeans_test.kmeans_out_points_test123
DROP SCHEMA
