set search_path to "$user",public,madlib;
-- Basic methods
select frequent_values(i,5) 
  from (select * from generate_series(1,100) union all select * from generate_series(10,15)) as T(i);
             frequent_values             
-----------------------------------------
 [10: 2] [11: 2] [12: 2] [13: 2] [14: 2]
(1 row)

select frequent_values(utc_offset,5) from pg_timezone_names;
                                 frequent_values                                  
----------------------------------------------------------------------------------
 [@ 0: 54] [@ 1 hour: 50] [@ 2 hours: 46] [@ 5 hours ago: 44] [@ 4 hours ago: 40]
(1 row)

select frequent_values(NULL::bytea,5) from generate_series(1,100);
 frequent_values 
-----------------
 
(1 row)

