create schema madlib;
\i sketches_drop.sql
DROP FUNCTION IF EXISTS madlib.big_or(bitmap1 bytea, bitmap2 bytea) CASCADE;
psql:sketches_drop.sql:1: NOTICE:  function madlib.big_or(bytea,bytea) does not exist, skipping
DROP FUNCTION IF EXISTS madlib.fmsketch_trans(bitmaps bytea, input anyelement) CASCADE;
psql:sketches_drop.sql:2: NOTICE:  function madlib.fmsketch_trans(bytea,anyelement) does not exist, skipping
DROP FUNCTION IF EXISTS madlib.fmsketch_getcount(bitmaps bytea) CASCADE;
psql:sketches_drop.sql:3: NOTICE:  function madlib.fmsketch_getcount(bytea) does not exist, skipping
DROP FUNCTION IF EXISTS madlib.fmsketch_merge(bitmaps1 bytea, bitmaps2 bytea) CASCADE;
psql:sketches_drop.sql:4: NOTICE:  function madlib.fmsketch_merge(bytea,bytea) does not exist, skipping
DROP AGGREGATE IF EXISTS madlib.fmcount(anyelement);
psql:sketches_drop.sql:5: NOTICE:  aggregate madlib.fmcount(anyelement) does not exist, skipping
DROP FUNCTION IF EXISTS madlib.cmsketch_trans(bytea, int8) CASCADE;
psql:sketches_drop.sql:6: NOTICE:  function madlib.cmsketch_trans(bytea,int8) does not exist, skipping
DROP FUNCTION IF EXISTS madlib.cmsketch_out(bytea) CASCADE;
psql:sketches_drop.sql:7: NOTICE:  function madlib.cmsketch_out(bytea) does not exist, skipping
DROP FUNCTION IF EXISTS madlib.cmsketch_combine(bytea, bytea) CASCADE;
psql:sketches_drop.sql:8: NOTICE:  function madlib.cmsketch_combine(bytea,bytea) does not exist, skipping
DROP AGGREGATE IF EXISTS madlib.cmsketch(int8);
psql:sketches_drop.sql:9: NOTICE:  aggregate madlib.cmsketch(int8) does not exist, skipping
DROP FUNCTION IF EXISTS madlib.cmsketch_getcount(bytea, int8) CASCADE;
psql:sketches_drop.sql:10: NOTICE:  function madlib.cmsketch_getcount(bytea,int8) does not exist, skipping
DROP FUNCTION IF EXISTS madlib.cmsketch_rangecount(bytea, int8, int8) CASCADE;
psql:sketches_drop.sql:11: NOTICE:  function madlib.cmsketch_rangecount(bytea,int8,int8) does not exist, skipping
DROP FUNCTION IF EXISTS madlib.cmsketch_centile(bytea, int4) CASCADE;
psql:sketches_drop.sql:12: NOTICE:  function madlib.cmsketch_centile(bytea,int4) does not exist, skipping
DROP FUNCTION IF EXISTS madlib.cmsketch_width_histogram(bytea, int8, int8, int4) CASCADE;
psql:sketches_drop.sql:13: NOTICE:  function madlib.cmsketch_width_histogram(bytea,int8,int8,int4) does not exist, skipping
DROP FUNCTION IF EXISTS madlib.cmsketch_depth_histogram(bytea, int4) CASCADE;
psql:sketches_drop.sql:14: NOTICE:  function madlib.cmsketch_depth_histogram(bytea,int4) does not exist, skipping
DROP FUNCTION IF EXISTS madlib.mfvsketch_trans(bytea, anyelement, int4) CASCADE;
psql:sketches_drop.sql:15: NOTICE:  function madlib.mfvsketch_trans(bytea,anyelement,int4) does not exist, skipping
DROP FUNCTION IF EXISTS madlib.mfvsketch_out(bytea) CASCADE;
psql:sketches_drop.sql:16: NOTICE:  function madlib.mfvsketch_out(bytea) does not exist, skipping
DROP AGGREGATE IF EXISTS madlib.frequent_values(anyelement, int4);
psql:sketches_drop.sql:17: NOTICE:  aggregate madlib.frequent_values(anyelement,int4) does not exist, skipping
\i sketches.sql
-- CREATE SCHEMA madlib;
DROP FUNCTION IF EXISTS madlib.big_or(bitmap1 bytea, bitmap2 bytea) CASCADE;
psql:sketches.sql:3: NOTICE:  function madlib.big_or(bytea,bytea) does not exist, skipping
CREATE FUNCTION madlib.big_or(bitmap1 bytea, bitmap2 bytea)
RETURNS bytea
AS '$libdir/sketches'
LANGUAGE C STRICT;
DROP FUNCTION IF EXISTS madlib.fmsketch_trans(bitmaps bytea, input anyelement) CASCADE;
psql:sketches.sql:9: NOTICE:  function madlib.fmsketch_trans(bytea,anyelement) does not exist, skipping
CREATE FUNCTION madlib.fmsketch_trans(bitmaps bytea, input anyelement) 
RETURNS bytea 
AS '$libdir/sketches'
LANGUAGE C STRICT;
DROP FUNCTION IF EXISTS madlib.fmsketch_getcount(bitmaps bytea) CASCADE;
psql:sketches.sql:15: NOTICE:  function madlib.fmsketch_getcount(bytea) does not exist, skipping
CREATE FUNCTION madlib.fmsketch_getcount(bitmaps bytea) 
RETURNS int8 
AS '$libdir/sketches'
LANGUAGE C STRICT;
DROP FUNCTION IF EXISTS madlib.fmsketch_merge(bitmaps1 bytea, bitmaps2 bytea) CASCADE;
psql:sketches.sql:21: NOTICE:  function madlib.fmsketch_merge(bytea,bytea) does not exist, skipping
CREATE FUNCTION madlib.fmsketch_merge(bitmaps1 bytea, bitmaps2 bytea) 
RETURNS bytea 
AS '$libdir/sketches'
LANGUAGE C STRICT;
DROP AGGREGATE IF EXISTS madlib.fmcount(anyelement);
psql:sketches.sql:27: NOTICE:  aggregate madlib.fmcount(anyelement) does not exist, skipping
CREATE AGGREGATE madlib.fmcount(anyelement)
(
    sfunc = madlib.fmsketch_trans,
    stype = bytea, 
    finalfunc = madlib.fmsketch_getcount,
    
    initcond = '' 
);
DROP FUNCTION IF EXISTS madlib.cmsketch_trans(bytea, int8) CASCADE;
psql:sketches.sql:37: NOTICE:  function madlib.cmsketch_trans(bytea,int8) does not exist, skipping
CREATE FUNCTION madlib.cmsketch_trans(bitmaps bytea, input int8) 
RETURNS bytea 
AS '$libdir/sketches'
LANGUAGE C STRICT;
DROP FUNCTION IF EXISTS madlib.cmsketch_out(bytea) CASCADE;
psql:sketches.sql:43: NOTICE:  function madlib.cmsketch_out(bytea) does not exist, skipping
CREATE FUNCTION madlib.cmsketch_out(counters bytea) 
RETURNS bytea 
AS '$libdir/sketches'
LANGUAGE C STRICT;
DROP FUNCTION IF EXISTS madlib.cmsketch_combine(bytea, bytea) CASCADE;
psql:sketches.sql:49: NOTICE:  function madlib.cmsketch_combine(bytea,bytea) does not exist, skipping
CREATE FUNCTION madlib.cmsketch_combine(bytea, bytea) 
RETURNS bytea
AS '$libdir/sketches'
LANGUAGE C STRICT;
DROP AGGREGATE IF EXISTS madlib.cmsketch(int8);
psql:sketches.sql:55: NOTICE:  aggregate madlib.cmsketch(int8) does not exist, skipping
CREATE AGGREGATE madlib.cmsketch(int8)
(
    sfunc = madlib.cmsketch_trans,
    stype = bytea, 
    finalfunc = madlib.cmsketch_out,
		
    initcond = ''
);
DROP FUNCTION IF EXISTS madlib.cmsketch_getcount(bytea, int8) CASCADE;
psql:sketches.sql:65: NOTICE:  function madlib.cmsketch_getcount(bytea,int8) does not exist, skipping
CREATE FUNCTION madlib.cmsketch_getcount(counters bytea, val int8) 
RETURNS int8 
AS '$libdir/sketches'
LANGUAGE C STRICT;
DROP FUNCTION IF EXISTS madlib.cmsketch_rangecount(bytea, int8, int8) CASCADE;
psql:sketches.sql:71: NOTICE:  function madlib.cmsketch_rangecount(bytea,int8,int8) does not exist, skipping
CREATE FUNCTION madlib.cmsketch_rangecount(bytea, int8, int8)
RETURNS int8
AS '$libdir/sketches'
LANGUAGE C STRICT;
DROP FUNCTION IF EXISTS madlib.cmsketch_centile(bytea, int4) CASCADE;
psql:sketches.sql:77: NOTICE:  function madlib.cmsketch_centile(bytea,int4) does not exist, skipping
CREATE FUNCTION madlib.cmsketch_centile(bytea, int4)
RETURNS int8
AS '$libdir/sketches'
LANGUAGE C STRICT;
DROP FUNCTION IF EXISTS madlib.cmsketch_width_histogram(bytea, int8, int8, int4) CASCADE;
psql:sketches.sql:83: NOTICE:  function madlib.cmsketch_width_histogram(bytea,int8,int8,int4) does not exist, skipping
CREATE FUNCTION madlib.cmsketch_width_histogram(bytea, int8, int8, int4)
RETURNS int8[]
AS '$libdir/sketches'
LANGUAGE C STRICT;
DROP FUNCTION IF EXISTS madlib.cmsketch_depth_histogram(bytea, int4) CASCADE;
psql:sketches.sql:89: NOTICE:  function madlib.cmsketch_depth_histogram(bytea,int4) does not exist, skipping
CREATE FUNCTION madlib.cmsketch_depth_histogram(bytea, int4)
RETURNS int8[]
AS '$libdir/sketches'
LANGUAGE C STRICT;
DROP FUNCTION IF EXISTS madlib.mfvsketch_trans(bytea, anyelement, int4) CASCADE;
psql:sketches.sql:95: NOTICE:  function madlib.mfvsketch_trans(bytea,anyelement,int4) does not exist, skipping
CREATE FUNCTION madlib.mfvsketch_trans(bytea, anyelement, int4)
RETURNS bytea
AS '$libdir/sketches'
LANGUAGE C STRICT;
DROP FUNCTION IF EXISTS madlib.mfvsketch_out(bytea) CASCADE;
psql:sketches.sql:101: NOTICE:  function madlib.mfvsketch_out(bytea) does not exist, skipping
CREATE FUNCTION madlib.mfvsketch_out(bytea)
RETURNS text
AS '$libdir/sketches'
LANGUAGE C STRICT;
DROP AGGREGATE IF EXISTS madlib.frequent_values(anyelement, int4);
psql:sketches.sql:107: NOTICE:  aggregate madlib.frequent_values(anyelement,int4) does not exist, skipping
CREATE AGGREGATE madlib.frequent_values(anyelement, int4)
(
    sfunc = madlib.mfvsketch_trans,
    stype = bytea, 
    finalfunc = madlib.mfvsketch_out,
    initcond = ''
);
