create schema madlib;
ERROR:  schema "madlib" already exists
CREATE FUNCTION madlib.sketch_rightmost_one(bytea, integer, integer) returns integer AS '$libdir/sketches'
LANGUAGE C STRICT;
CREATE FUNCTION madlib.sketch_leftmost_zero(bytea, integer, integer) returns integer AS '$libdir/sketches'
LANGUAGE C STRICT;
CREATE FUNCTION madlib.sketch_array_set_bit_in_place(bytea, integer, integer, integer, integer) returns bytea AS '$libdir/sketches'
LANGUAGE C STRICT;
set search_path to "$user",public,madlib;
select sketch_rightmost_one(sketch_array_set_bit_in_place(E'\\000\\000\\000\\000', 1, 32, 0, 0), 32, 0);
 sketch_rightmost_one 
----------------------
                    0
(1 row)

select sketch_rightmost_one(sketch_array_set_bit_in_place(E'\\000\\000\\000\\000', 1, 32, 0, 1), 32, 0);
 sketch_rightmost_one 
----------------------
                    1
(1 row)

select sketch_rightmost_one(sketch_array_set_bit_in_place(E'\\000\\000\\000\\000', 1, 32, 0, 2), 32, 0);
 sketch_rightmost_one 
----------------------
                    2
(1 row)

select sketch_rightmost_one(sketch_array_set_bit_in_place(E'\\000\\000\\000\\000', 1, 32, 0, 3), 32, 0);
 sketch_rightmost_one 
----------------------
                    3
(1 row)

select sketch_rightmost_one(sketch_array_set_bit_in_place(E'\\000\\000\\000\\000', 1, 32, 0, 4), 32, 0);
 sketch_rightmost_one 
----------------------
                    4
(1 row)

select sketch_rightmost_one(sketch_array_set_bit_in_place(E'\\000\\000\\000\\000', 1, 32, 0, 5), 32, 0);
 sketch_rightmost_one 
----------------------
                    5
(1 row)

select sketch_rightmost_one(sketch_array_set_bit_in_place(E'\\000\\000\\000\\000', 1, 32, 0, 6), 32, 0);
 sketch_rightmost_one 
----------------------
                    6
(1 row)

select sketch_rightmost_one(sketch_array_set_bit_in_place(E'\\000\\000\\000\\000', 1, 32, 0, 7), 32, 0);
 sketch_rightmost_one 
----------------------
                    7
(1 row)

select sketch_rightmost_one(sketch_array_set_bit_in_place(E'\\000\\000\\000\\000', 1, 32, 0, 8), 32, 0);
 sketch_rightmost_one 
----------------------
                    8
(1 row)

select sketch_rightmost_one(sketch_array_set_bit_in_place(E'\\000\\000\\000\\000', 1, 32, 0, 9), 32, 0);
 sketch_rightmost_one 
----------------------
                    9
(1 row)

select sketch_rightmost_one(sketch_array_set_bit_in_place(E'\\000\\000\\000\\000', 1, 32, 0, 10), 32, 0);
 sketch_rightmost_one 
----------------------
                   10
(1 row)

select sketch_rightmost_one(sketch_array_set_bit_in_place(E'\\000\\000\\000\\000', 1, 32, 0, 11), 32, 0);
 sketch_rightmost_one 
----------------------
                   11
(1 row)

select sketch_rightmost_one(sketch_array_set_bit_in_place(E'\\000\\000\\000\\000', 1, 32, 0, 12), 32, 0);
 sketch_rightmost_one 
----------------------
                   12
(1 row)

select sketch_rightmost_one(sketch_array_set_bit_in_place(E'\\000\\000\\000\\000', 1, 32, 0, 13), 32, 0);
 sketch_rightmost_one 
----------------------
                   13
(1 row)

select sketch_rightmost_one(sketch_array_set_bit_in_place(E'\\000\\000\\000\\000', 1, 32, 0, 14), 32, 0);
 sketch_rightmost_one 
----------------------
                   14
(1 row)

select sketch_rightmost_one(sketch_array_set_bit_in_place(E'\\000\\000\\000\\000', 1, 32, 0, 15), 32, 0);
 sketch_rightmost_one 
----------------------
                   15
(1 row)

select sketch_rightmost_one(sketch_array_set_bit_in_place(E'\\000\\000\\000\\000', 1, 32, 0, 16), 32, 0);
 sketch_rightmost_one 
----------------------
                   16
(1 row)

select sketch_rightmost_one(sketch_array_set_bit_in_place(E'\\000\\000\\000\\000', 1, 32, 0, 17), 32, 0);
 sketch_rightmost_one 
----------------------
                   17
(1 row)

select sketch_rightmost_one(sketch_array_set_bit_in_place(E'\\000\\000\\000\\000', 1, 32, 0, 18), 32, 0);
 sketch_rightmost_one 
----------------------
                   18
(1 row)

select sketch_rightmost_one(sketch_array_set_bit_in_place(E'\\000\\000\\000\\000', 1, 32, 0, 19), 32, 0);
 sketch_rightmost_one 
----------------------
                   19
(1 row)

select sketch_rightmost_one(sketch_array_set_bit_in_place(E'\\000\\000\\000\\000', 1, 32, 0, 20), 32, 0);
 sketch_rightmost_one 
----------------------
                   20
(1 row)

select sketch_rightmost_one(sketch_array_set_bit_in_place(E'\\000\\000\\000\\000', 1, 32, 0, 21), 32, 0);
 sketch_rightmost_one 
----------------------
                   21
(1 row)

select sketch_rightmost_one(sketch_array_set_bit_in_place(E'\\000\\000\\000\\000', 1, 32, 0, 22), 32, 0);
 sketch_rightmost_one 
----------------------
                   22
(1 row)

select sketch_rightmost_one(sketch_array_set_bit_in_place(E'\\000\\000\\000\\000', 1, 32, 0, 23), 32, 0);
 sketch_rightmost_one 
----------------------
                   23
(1 row)

select sketch_rightmost_one(sketch_array_set_bit_in_place(E'\\000\\000\\000\\000', 1, 32, 0, 24), 32, 0);
 sketch_rightmost_one 
----------------------
                   24
(1 row)

select sketch_rightmost_one(sketch_array_set_bit_in_place(E'\\000\\000\\000\\000', 1, 32, 0, 25), 32, 0);
 sketch_rightmost_one 
----------------------
                   25
(1 row)

select sketch_rightmost_one(sketch_array_set_bit_in_place(E'\\000\\000\\000\\000', 1, 32, 0, 26), 32, 0);
 sketch_rightmost_one 
----------------------
                   26
(1 row)

select sketch_rightmost_one(sketch_array_set_bit_in_place(E'\\000\\000\\000\\000', 1, 32, 0, 27), 32, 0);
 sketch_rightmost_one 
----------------------
                   27
(1 row)

select sketch_rightmost_one(sketch_array_set_bit_in_place(E'\\000\\000\\000\\000', 1, 32, 0, 28), 32, 0);
 sketch_rightmost_one 
----------------------
                   28
(1 row)

select sketch_rightmost_one(sketch_array_set_bit_in_place(E'\\000\\000\\000\\000', 1, 32, 0, 29), 32, 0);
 sketch_rightmost_one 
----------------------
                   29
(1 row)

select sketch_rightmost_one(sketch_array_set_bit_in_place(E'\\000\\000\\000\\000', 1, 32, 0, 30), 32, 0);
 sketch_rightmost_one 
----------------------
                   30
(1 row)

select sketch_rightmost_one(sketch_array_set_bit_in_place(E'\\000\\000\\000\\000', 1, 32, 0, 31), 32, 0);
 sketch_rightmost_one 
----------------------
                   31
(1 row)

select sketch_rightmost_one(E'\\177\\377\\377\\376\\000\\000\\000\\000', 32, 1);
 sketch_rightmost_one 
----------------------
                   32
(1 row)

select sketch_leftmost_zero(E'\\177\\377\\377\\377', 32, 0);
 sketch_leftmost_zero 
----------------------
                    0
(1 row)

select sketch_leftmost_zero(E'\\277\\377\\377\\377', 32, 0);
 sketch_leftmost_zero 
----------------------
                    1
(1 row)

select sketch_leftmost_zero(E'\\337\\377\\377\\377', 32, 0);
 sketch_leftmost_zero 
----------------------
                    2
(1 row)

select sketch_leftmost_zero(E'\\357\\377\\377\\377', 32, 0);
 sketch_leftmost_zero 
----------------------
                    3
(1 row)

select sketch_leftmost_zero(E'\\367\\377\\377\\377', 32, 0);
 sketch_leftmost_zero 
----------------------
                    4
(1 row)

select sketch_leftmost_zero(E'\\373\\377\\377\\377', 32, 0);
 sketch_leftmost_zero 
----------------------
                    5
(1 row)

select sketch_leftmost_zero(E'\\375\\377\\377\\377', 32, 0);
 sketch_leftmost_zero 
----------------------
                    6
(1 row)

select sketch_leftmost_zero(E'\\376\\377\\377\\377', 32, 0);
 sketch_leftmost_zero 
----------------------
                    7
(1 row)

select sketch_leftmost_zero(E'\\377\\177\\377\\377', 32, 0);
 sketch_leftmost_zero 
----------------------
                    8
(1 row)

select sketch_leftmost_zero(E'\\377\\277\\377\\377', 32, 0);
 sketch_leftmost_zero 
----------------------
                    9
(1 row)

select sketch_leftmost_zero(E'\\377\\337\\377\\377', 32, 0);
 sketch_leftmost_zero 
----------------------
                   10
(1 row)

select sketch_leftmost_zero(E'\\377\\357\\377\\377', 32, 0);
 sketch_leftmost_zero 
----------------------
                   11
(1 row)

select sketch_leftmost_zero(E'\\377\\367\\377\\377', 32, 0);
 sketch_leftmost_zero 
----------------------
                   12
(1 row)

select sketch_leftmost_zero(E'\\377\\373\\377\\377', 32, 0);
 sketch_leftmost_zero 
----------------------
                   13
(1 row)

select sketch_leftmost_zero(E'\\377\\375\\377\\377', 32, 0);
 sketch_leftmost_zero 
----------------------
                   14
(1 row)

select sketch_leftmost_zero(E'\\377\\376\\377\\377', 32, 0);
 sketch_leftmost_zero 
----------------------
                   15
(1 row)

select sketch_leftmost_zero(E'\\377\\377\\177\\377', 32, 0);
 sketch_leftmost_zero 
----------------------
                   16
(1 row)

select sketch_leftmost_zero(E'\\377\\377\\277\\377', 32, 0);
 sketch_leftmost_zero 
----------------------
                   17
(1 row)

select sketch_leftmost_zero(E'\\377\\377\\337\\377', 32, 0);
 sketch_leftmost_zero 
----------------------
                   18
(1 row)

select sketch_leftmost_zero(E'\\377\\377\\357\\377', 32, 0);
 sketch_leftmost_zero 
----------------------
                   19
(1 row)

select sketch_leftmost_zero(E'\\377\\377\\367\\377', 32, 0);
 sketch_leftmost_zero 
----------------------
                   20
(1 row)

select sketch_leftmost_zero(E'\\377\\377\\373\\377', 32, 0);
 sketch_leftmost_zero 
----------------------
                   21
(1 row)

select sketch_leftmost_zero(E'\\377\\377\\375\\377', 32, 0);
 sketch_leftmost_zero 
----------------------
                   22
(1 row)

select sketch_leftmost_zero(E'\\377\\377\\376\\377', 32, 0);
 sketch_leftmost_zero 
----------------------
                   23
(1 row)

select sketch_leftmost_zero(E'\\377\\377\\377\\177', 32, 0);
 sketch_leftmost_zero 
----------------------
                   24
(1 row)

select sketch_leftmost_zero(E'\\377\\377\\377\\277', 32, 0);
 sketch_leftmost_zero 
----------------------
                   25
(1 row)

select sketch_leftmost_zero(E'\\377\\377\\377\\337', 32, 0);
 sketch_leftmost_zero 
----------------------
                   26
(1 row)

select sketch_leftmost_zero(E'\\377\\377\\377\\357', 32, 0);
 sketch_leftmost_zero 
----------------------
                   27
(1 row)

select sketch_leftmost_zero(E'\\377\\377\\377\\367', 32, 0);
 sketch_leftmost_zero 
----------------------
                   28
(1 row)

select sketch_leftmost_zero(E'\\377\\377\\377\\373', 32, 0);
 sketch_leftmost_zero 
----------------------
                   29
(1 row)

select sketch_leftmost_zero(E'\\377\\377\\377\\375', 32, 0);
 sketch_leftmost_zero 
----------------------
                   30
(1 row)

select sketch_leftmost_zero(E'\\377\\377\\377\\376', 32, 0);
 sketch_leftmost_zero 
----------------------
                   31
(1 row)

